// Jest Snapshot v1, https://goo.gl/fbAQLP

exports[`Home page matches snapshot 1`] = `
<DocumentFragment>
  <div
    class="bg-primary h-80"
  >
    <nav
      class="bg-transparent border-b-2 border-white border-opacity-10"
    >
      <div
        class="max-w-7xl mx-auto px-2 sm:px-6 lg:px-8"
      >
        <div
          class="relative flex items-center justify-between h-16"
        >
          <div
            class="absolute inset-y-0 left-0 flex items-center sm:hidden"
          >
            <button
              aria-expanded="false"
              class="inline-flex items-center justify-center p-2 rounded-md text-gray-400 hover:text-white hover:bg-gray-700 focus:outline-none focus:ring-2 focus:ring-inset focus:ring-white"
              id="headlessui-disclosure-button-1"
              type="button"
            >
              <span
                class="sr-only"
              >
                Open main menu
              </span>
              <svg
                aria-hidden="true"
                class="block h-6 w-6"
                fill="none"
                stroke="currentColor"
                viewBox="0 0 24 24"
                xmlns="http://www.w3.org/2000/svg"
              >
                <path
                  d="M4 6h16M4 12h16M4 18h16"
                  stroke-linecap="round"
                  stroke-linejoin="round"
                  stroke-width="2"
                />
              </svg>
            </button>
          </div>
          <div
            class="flex-1 flex items-center justify-center sm:items-stretch sm:justify-start"
          >
            <div
              class="flex-shrink-0 flex items-center"
            >
              <img
                alt="Workflow"
                class="block lg:hidden h-8 w-auto"
                src="https://tailwindui.com/img/logos/workflow-mark-indigo-500.svg"
              />
              <img
                alt="Workflow"
                class="hidden lg:block h-8 w-auto"
                src="https://tailwindui.com/img/logos/workflow-logo-indigo-500-mark-white-text.svg"
              />
            </div>
            <div
              class="hidden sm:block sm:ml-6"
            >
              <div
                class="flex space-x-4"
              >
                <a
                  href="/"
                >
                  Overview
                </a>
                <a
                  href="/defi"
                >
                  DeFi
                </a>
                <a
                  href="/ocean"
                >
                  Ocean
                </a>
              </div>
            </div>
          </div>
          <div
            class="absolute inset-y-0 right-0 flex items-center pr-2 sm:static sm:inset-auto sm:ml-6 sm:pr-0"
          >
            <button
              class="w-full border-white border-2 hover:text-white space-x-3 flex-row flex justify-between  rounded-md shadow shadow-sm pr-3 py-2 bg-transparent text-white font-mediumnhover:bg-white hover:bg-white hover:text-primary focus:outline-none focus:ring-2 focus:ring-offset-2 focus:ring-blue-500 sm:ml-3 sm:w-auto sm:text-sm"
              type="button"
            >
              <p>
                <svg
                  aria-hidden="true"
                  class="h-6 w-6 ml-3"
                  fill="none"
                  stroke="currentColor"
                  viewBox="0 0 24 24"
                  xmlns="http://www.w3.org/2000/svg"
                >
                  <path
                    d="M11 16l-4-4m0 0l4-4m-4 4h14m-5 4v1a3 3 0 01-3 3H6a3 3 0 01-3-3V7a3 3 0 013-3h7a3 3 0 013 3v1"
                    stroke-linecap="round"
                    stroke-linejoin="round"
                    stroke-width="2"
                  />
                </svg>
              </p>
              <p
                class="mt-0.5"
              >
                CONNECT
              </p>
            </button>
          </div>
        </div>
      </div>
    </nav>
    <h1
      class="max-w-7xl px-8 py-12  mx-auto text-3xl font-bold text-white"
    >
      Ocean Market
    </h1>
    <div
      class="max-w-7xl mx-auto -mt-8"
    >
      <div
        class="flex flex-col max-w-7xl  px-8 py-8  mx-auto "
      >
        <div
          class="-my-2 overflow-x-auto sm:-mx-6 lg:-mx-8"
        >
          <div
            class="py-2 align-middle inline-block min-w-full sm:px-6 lg:px-8"
          >
            <div
              class="shadow overflow-hidden border-b border-gray-200 sm:rounded-lg"
            >
              <table
                class="min-w-full divide-y divide-gray-200"
              >
                <thead
                  class="bg-gray-50"
                >
                  <tr>
                    <th
                      class="px-6 py-3 text-left text-xs font-medium text-gray-500 uppercase tracking-wider"
                      scope="col"
                    >
                      Name
                    </th>
                    <th
                      class="px-6 py-3 text-left text-xs font-medium text-gray-500 uppercase tracking-wider"
                      scope="col"
                    >
                      Status
                    </th>
                    <th
                      class="px-6 py-3 text-left text-xs font-medium text-gray-500 uppercase tracking-wider"
                      scope="col"
                    >
                      Publisher
                    </th>
                    <th
                      class="bg-yellow-100 border-b border-yellow-200 px-6 py-3 text-left text-xs font-medium text-gray-700 uppercase tracking-wider"
                      scope="col"
                    >
                      Your Network
                    </th>
                    <th
                      class="px-6 py-3 text-center text-xs font-medium text-gray-500 uppercase tracking-wider"
                      scope="col"
                    >
                                            Total Consumption
                    </th>
                  </tr>
                </thead>
                <tbody
                  class="bg-white divide-y divide-gray-200"
                >
                  <tr>
                    <td
                      class="px-2 py-4 whitespace-nowrap"
                    >
                      <div
                        class="flex items-center"
                        href="/ocean"
                      >
                        <div
                          class="ml-4"
                        >
                          <div
                            class="text-sm font-medium text-gray-900"
                          >
                            ðŸ‘‹ Data Union.app - Image & Annotation Vault :e
                          </div>
                          <div
                            class="text-sm text-gray-500"
                          >
                            QUICRA-0
                          </div>
                        </div>
                      </div>
                    </td>
                    <td
                      class="px-6 py-4 whitespace-nowrap"
                    >
                      <span
                        class="px-2 inline-flex text-xs leading-5 font-semibold rounded-full bg-green-100 text-green-800"
                      >
                        Active
                      </span>
                    </td>
                    <td
                      class="px-6 py-4 whitespace-nowrap"
                    >
                      <div
                        class="text-sm text-gray-900"
                      >
                         DataUnion.app
                      </div>
                      <div
                        class="text-sm text-gray-500"
                      >
                        Optimization
                      </div>
                    </td>
                    <td
                      class="bg-yellow-50 border-b border-yellow-200 border-b-yellow-200 px-6 py-4 whitespace-nowrap text-sm text-gray-500"
                    >
                      9 Consumed data assets 
                      <br />
                       3 Provided liquidity
                    </td>
                    <td
                      class="px-6 py-4 whitespace-nowrap text-left text-sm font-medium"
                    >
                      <a
                        class="font-light hover:text-indigo-900"
                        href="#"
                      >
                        302,592,120 OCEAN
                      </a>
                    </td>
                  </tr>
                  <tr>
                    <td
                      class="px-2 py-4 whitespace-nowrap"
                    >
                      <div
                        class="flex items-center"
                        href="/ocean"
                      >
                        <div
                          class="ml-4"
                        >
                          <div
                            class="text-sm font-medium text-gray-900"
                          >
                            Product Pages of 1'044'709 Products on Amazon.com...
                          </div>
                          <div
                            class="text-sm text-gray-500"
                          >
                            LUMSTA-42
                          </div>
                        </div>
                      </div>
                    </td>
                    <td
                      class="px-6 py-4 whitespace-nowrap"
                    >
                      <span
                        class="px-2 inline-flex text-xs leading-5 font-semibold rounded-full bg-red-100 text-red-800"
                      >
                        Purgatory
                      </span>
                    </td>
                    <td
                      class="px-6 py-4 whitespace-nowrap"
                    >
                      <div
                        class="text-sm text-gray-900"
                      >
                        Regional Paradigm Technician
                      </div>
                      <div
                        class="text-sm text-gray-500"
                      >
                        Optimization
                      </div>
                    </td>
                    <td
                      class="bg-yellow-50 border-b border-yellow-200 border-b-yellow-200 px-6 py-4 whitespace-nowrap text-sm text-gray-500"
                    >
                      0 Consumed data assets 
                      <br />
                       0 Provided liquidity
                    </td>
                    <td
                      class="px-6 py-4 whitespace-nowrap text-left text-sm font-medium"
                    >
                      <a
                        class="font-light hover:text-indigo-900"
                        href="#"
                      >
                        154,787,432 OCEAN
                      </a>
                    </td>
                  </tr>
                </tbody>
              </table>
            </div>
          </div>
        </div>
      </div>
    </div>
  </div>
</DocumentFragment>
`;
